<html>
<body>
<pre>
<h1>µVision Build Log</h1>
<h2>Project:</h2>
E:\Tiva C\Project\BAI07_UART_UseLib\UART_UseLib.uvproj
Project File Date:  02/21/2014

<h2>Output:</h2>
Rebuild target 'UART_UseLib'
assembling startup_TM4C123.s...
compiling main.c...
compiling Uart_lib.c...
linking...
Program Size: Code=3140 RO-data=784 RW-data=620 ZI-data=372  
".\Output\UART_UseLib.axf" - 0 Error(s), 0 Warning(s).
Load "E:\\Tiva C\\Project\\BAI07_UART_UseLib\\Output\\UART_UseLib.axf" 
Connecting: Mode=JTAG, Speed=1000000Hz
Erase Done.
Programming Done.
Verify OK.
</pre>
</body>
</html>
