<html>
<body>
<pre>
<h1>µVision Build Log</h1>
<h2>Project:</h2>
E:\Tiva C\Project\BAI05_Timer_SysTick\Timer_SysTick.uvproj
Project File Date:  02/20/2014

<h2>Output:</h2>
Rebuild target 'Timer_SysTick'
assembling startup_TM4C123.s...
compiling main.c...
linking...
Program Size: Code=2060 RO-data=140 RW-data=620 ZI-data=356  
".\Output\Timer_SysTick.axf" - 0 Error(s), 0 Warning(s).
Load "E:\\Tiva C\\Project\\BAI05_Timer_SysTick\\Output\\Timer_SysTick.axf" 
Connecting: Mode=JTAG, Speed=1000000Hz
Full Chip Erase Done.
Erase Done.
Programming Done.
Verify OK.
</pre>
</body>
</html>
